// Jest Snapshot v1, https://goo.gl/fbAQLP

exports[`Main component renders Main 1`] = `
<main>
  <Card />
  <Card />
  <Card />
  <Card />
  <Card />
  <Card />
  <Card />
  <Card />
</main>
`;
